// Jest Snapshot v1, https://goo.gl/fbAQLP

exports[`subClassOf inference reasserts supported operations from superclasses 1`] = `
"<http://example.com/vocab#BaseClass> <http://www.w3.org/1999/02/22-rdf-syntax-ns#type> <http://www.w3.org/ns/hydra/core#Class> .
<http://example.com/vocab#BaseClass> <http://www.w3.org/ns/hydra/core#supportedOperation> <http://example.com/api#HeadRequest> .
<http://example.com/vocab#DraftIssue> <http://www.w3.org/1999/02/22-rdf-syntax-ns#type> <http://www.w3.org/ns/hydra/core#Class> .
<http://example.com/vocab#DraftIssue> <http://www.w3.org/2000/01/rdf-schema#subClassOf> <http://example.com/vocab#Issue> .
<http://example.com/vocab#DraftIssue> <http://www.w3.org/ns/hydra/core#supportedOperation> <http://example.com/api#GetIssue> .
<http://example.com/vocab#DraftIssue> <http://www.w3.org/ns/hydra/core#supportedOperation> <http://example.com/api#HeadRequest> .
<http://example.com/vocab#DraftIssue> <http://www.w3.org/ns/hydra/core#supportedOperation> <http://example.com/api#UpdateDraft> .
<http://example.com/vocab#Issue> <http://www.w3.org/1999/02/22-rdf-syntax-ns#type> <http://www.w3.org/ns/hydra/core#Class> .
<http://example.com/vocab#Issue> <http://www.w3.org/2000/01/rdf-schema#subClassOf> <http://example.com/vocab#BaseClass> .
<http://example.com/vocab#Issue> <http://www.w3.org/ns/hydra/core#supportedOperation> <http://example.com/api#GetIssue> .
<http://example.com/vocab#Issue> <http://www.w3.org/ns/hydra/core#supportedOperation> <http://example.com/api#HeadRequest> .
"
`;

exports[`subClassOf inference reasserts supported properties from superclasses 1`] = `
"<http://example.com/vocab#BaseClass> <http://www.w3.org/1999/02/22-rdf-syntax-ns#type> <http://www.w3.org/ns/hydra/core#Class> .
<http://example.com/vocab#BaseClass> <http://www.w3.org/ns/hydra/core#supportedProperty> _:c14n0 .
<http://example.com/vocab#DraftIssue> <http://www.w3.org/1999/02/22-rdf-syntax-ns#type> <http://www.w3.org/ns/hydra/core#Class> .
<http://example.com/vocab#DraftIssue> <http://www.w3.org/2000/01/rdf-schema#subClassOf> <http://example.com/vocab#Issue> .
<http://example.com/vocab#DraftIssue> <http://www.w3.org/ns/hydra/core#supportedProperty> _:c14n0 .
<http://example.com/vocab#DraftIssue> <http://www.w3.org/ns/hydra/core#supportedProperty> _:c14n1 .
<http://example.com/vocab#DraftIssue> <http://www.w3.org/ns/hydra/core#supportedProperty> _:c14n2 .
<http://example.com/vocab#DraftIssue> <http://www.w3.org/ns/hydra/core#supportedProperty> _:c14n3 .
<http://example.com/vocab#Issue> <http://www.w3.org/1999/02/22-rdf-syntax-ns#type> <http://www.w3.org/ns/hydra/core#Class> .
<http://example.com/vocab#Issue> <http://www.w3.org/2000/01/rdf-schema#subClassOf> <http://example.com/vocab#BaseClass> .
<http://example.com/vocab#Issue> <http://www.w3.org/ns/hydra/core#supportedProperty> _:c14n0 .
<http://example.com/vocab#Issue> <http://www.w3.org/ns/hydra/core#supportedProperty> _:c14n2 .
<http://example.com/vocab#Issue> <http://www.w3.org/ns/hydra/core#supportedProperty> _:c14n3 .
_:c14n0 <http://www.w3.org/ns/hydra/core#property> <http://example.com/vocab#title> .
_:c14n1 <http://www.w3.org/ns/hydra/core#property> <http://example.com/vocab#hasBeenReviewed> .
_:c14n2 <http://www.w3.org/ns/hydra/core#property> <http://example.com/vocab#assignee> .
_:c14n3 <http://www.w3.org/ns/hydra/core#property> <http://example.com/vocab#status> .
"
`;
