// Jest Snapshot v1, https://goo.gl/fbAQLP

exports[`Hydra loadDocumentation should replace its representation in the dataset when loading twice 1`] = `
"<http://api.example.com/doc/2> <http://www.w3.org/1999/02/22-rdf-syntax-ns#type> <http://www.w3.org/ns/hydra/core#ApiDocumentation> <http://api.example.com/doc/> .
"
`;

exports[`Hydra loadDocumentation should store its representation in the dataset 1`] = `
"<http://api.example.com/doc/> <http://www.w3.org/1999/02/22-rdf-syntax-ns#type> <http://www.w3.org/ns/hydra/core#ApiDocumentation> <http://api.example.com/doc/> .
"
`;

exports[`Hydra loadResource + cache strategy should replace cached resource when cache strategy returns true 1`] = `
"<http://example.com/resource> <http://example.com/vocab#other> <http://example.com/linked> <http://example.com/resource> .
<http://example.com/resource> <http://example.com/vocab#other_yet> <http://example.com/linked> <http://example.com/resource> .
<http://example.com/resource> <http://example.com/vocab#prop> \\"some textual value\\" <http://example.com/resource> .
<http://example.com/resource> <http://www.w3.org/1999/02/22-rdf-syntax-ns#type> <http://example.com/vocab#Resource> <http://example.com/resource> .
"
`;
